GAMS 24.1.3  r41464 Released Jul 26, 2013 WEX-WEI x86_64/MS Windows                                                                                                                                                                    03/05/14 15:20:23 Page 1
G e n e r a l   A l g e b r a i c   M o d e l i n g   S y s t e m
C o m p i l a t i o n


   1  set
   2    j Arbeitsgang
   3    t Periode
   4    r Ressource;
   5   
   6  alias(t,q);
   7  alias(h,j);
   8   
   9  set
  10    VN(h,j) Vorgänger-Nachfolger-Relation zwischen h und j;
  11   
  12  parameter
  13    d(j)    Dauer des Arbeitsgangs j
  14    FEZ(j)  fruehestmoeglicher Endtermin des Arbeitsgangs j
  15    k(j,r)  Kapazitaetsbedarf des Arbeitsgangs j bezueglich der Ressource r je Periode
  16    Kap(r)  Periodenkapazitaet der Ressource r
  17    SEZ(j)  spaetestzulaessiger Endtermin des Arbeitsgangs j   ;
  18   
  19  binary variables
  20   
  21    x(j,t)  nimmt den Wert 1 an wenn der Arbeitsgang j in Periode t beendet wird und 0 sonst;
  22   
  23  free variables
  24    z       Zielfunktionswert;
  25   
INCLUDE    C:\Sites\RCPSP_App\inputfile.inc
  27  set r /
  28  r10
  29  /;
  30   
  31  set j /
  32  Q
  33  j10
  34  j11
  35  S
  36  /;
  37   
  38  set t /t0*t20/;
  39   
  40  VN(h,j)=no;
  41  VN('Q','j10')=yes;
  42  VN('j10','S')=yes;
  43  VN('Q','j11')=yes;
  44  VN('j11','S')=yes;
  45   
  46  VN('j10','j11')=yes;
  47   
  48  parameter
  49  d(j) /
  50  Q   0
  51  S   0
  52  j10   4
  53  j11   4
GAMS 24.1.3  r41464 Released Jul 26, 2013 WEX-WEI x86_64/MS Windows                                                                                                                                                                    03/05/14 15:20:23 Page 2
G e n e r a l   A l g e b r a i c   M o d e l i n g   S y s t e m
C o m p i l a t i o n


  54  /
  55  FEZ(j) /
  56  Q   0
  57  S   0
  58  j10   4
  59  j11   8
  60  /
  61  SEZ(j) /
  62  Q   0
  63  S   20
  64  j10   4
  65  j11   8
  66  /
  67  Kap(r) /
  68  r10   10
  69  /;
  70   
  71  k(j,r)=0;
  72  k('j10','r10')=1;
  73   
  74   
  75  Equations
  76      Zielfunktion
  77      JederVorgangEinmal(j)
  78      Projektstruktur(h,j)
  79      Kapazitaetsrestriktion(r,t);
  80   
  81  Zielfunktion..
  82      z=e=sum(j$(ord(j)=card(J)),sum(t$(FEZ(j)<=ord(t)-1 and ord(t)-1 <= SEZ(j)), (ord(t)-1)*x(j,t)));
  83   
  84  JederVorgangEinmal(j)..
  85      sum(t$(FEZ(j)<=ord(t)-1 and ord(t)-1 <= SEZ(j)), x(j,t)) =e= 1;
  86   
  87  Projektstruktur(h,j)$VN(h,j)..
  88      sum(t$(FEZ(h)<=ord(t)-1 and ord(t)-1 <= SEZ(h)), (ord(t)-1)*x(h,t))  =l=
  89      sum(t$(FEZ(j)<=ord(t)-1 and ord(t)-1 <= SEZ(j)), (ord(t)-1-d(j))*x(j,t));
  90   
  91  Kapazitaetsrestriktion(r,t)..
  92      sum(j,k(j,r)*sum(q$(ord(q)-1>=ord(t)-1 and ord(q)-1<=ord(t)-1+d(j)-1),x(j,q)))=l=Kap(r);
  93   
  94  model RCPSP /
  95      Zielfunktion
  96      JederVorgangEinmal
  97      Projektstruktur
  98      Kapazitaetsrestriktion
  99      /;
 100   
 101  *Liefertermin muss verschoben werden, sonst keine zulaessige Loesung
 102  SEZ(j)=SEZ(j)+1;
 103   
 104  solve RCPSP minimizing z using mip;
 105   
 106  display x.l
GAMS 24.1.3  r41464 Released Jul 26, 2013 WEX-WEI x86_64/MS Windows                                                                                                                                                                    03/05/14 15:20:23 Page 3
G e n e r a l   A l g e b r a i c   M o d e l i n g   S y s t e m
C o m p i l a t i o n


 107   
 108  loop(t,
 109   x.l('Q',t)=0;
 110   x.l('S',t)=0;
 111  );
 112   
 113  file Outputfile / 'Outputfile.txt'/;
 114  put Outputfile;
 115   
 116  put 'Zielfunktionswert:  ',z.l /
 117   
 118  loop(j,
 119       loop(t,
 120           if(x.l(j,t)=1,
 121               put j.tl:0, ' ; ' ord(t):0 /
 122           );
 123       );
 124  );
 125   
 126  putclose outputfile;
 127   
GAMS 24.1.3  r41464 Released Jul 26, 2013 WEX-WEI x86_64/MS Windows                                                                                                                                                                    03/05/14 15:20:23 Page 4
G e n e r a l   A l g e b r a i c   M o d e l i n g   S y s t e m
Include File Summary


   SEQ   GLOBAL TYPE      PARENT   LOCAL  FILENAME

     1        1 INPUT          0       0  C:\Sites\RCPSP_App\RCPSP_Modell.gms
     2       26 INCLUDE        1      26  .C:\Sites\RCPSP_App\inputfile.inc


COMPILATION TIME     =        0.000 SECONDS      3 MB  24.1.3 r41464 WEX-WEI
GAMS 24.1.3  r41464 Released Jul 26, 2013 WEX-WEI x86_64/MS Windows                                                                                                                                                                    03/05/14 15:20:23 Page 5
G e n e r a l   A l g e b r a i c   M o d e l i n g   S y s t e m
Equation Listing    SOLVE RCPSP Using MIP From line 104


---- Zielfunktion  =E=  

Zielfunktion..  - x(S,t1) - 2*x(S,t2) - 3*x(S,t3) - 4*x(S,t4) - 5*x(S,t5) - 6*x(S,t6) - 7*x(S,t7) - 8*x(S,t8) - 9*x(S,t9) - 10*x(S,t10) - 11*x(S,t11) - 12*x(S,t12) - 13*x(S,t13) - 14*x(S,t14) - 15*x(S,t15) - 16*x(S,t16) - 17*x(S,t17) - 18*x(S,t18)
     
      - 19*x(S,t19) - 20*x(S,t20) + z =E= 0 ; (LHS = 0)
     

---- JederVorgangEinmal  =E=  

JederVorgangEinmal(Q)..  x(Q,t0) + x(Q,t1) =E= 1 ; (LHS = 0, INFES = 1 ****)
     
JederVorgangEinmal(j10)..  x(j10,t4) + x(j10,t5) =E= 1 ; (LHS = 0, INFES = 1 ****)
     
JederVorgangEinmal(j11)..  x(j11,t8) + x(j11,t9) =E= 1 ; (LHS = 0, INFES = 1 ****)
     
REMAINING ENTRY SKIPPED


---- Projektstruktur  =L=  

Projektstruktur(Q,j10)..  x(Q,t1) - x(j10,t5) =L= 0 ; (LHS = 0)
     
Projektstruktur(Q,j11)..  x(Q,t1) - 4*x(j11,t8) - 5*x(j11,t9) =L= 0 ; (LHS = 0)
     
Projektstruktur(j10,j11)..  4*x(j10,t4) + 5*x(j10,t5) - 4*x(j11,t8) - 5*x(j11,t9) =L= 0 ; (LHS = 0)
     
REMAINING 2 ENTRIES SKIPPED


---- Kapazitaetsrestriktion  =L=  

Kapazitaetsrestriktion(r10,t0)..  x(j10,t0) + x(j10,t1) + x(j10,t2) + x(j10,t3) =L= 10 ; (LHS = 0)
     
Kapazitaetsrestriktion(r10,t1)..  x(j10,t1) + x(j10,t2) + x(j10,t3) + x(j10,t4) =L= 10 ; (LHS = 0)
     
Kapazitaetsrestriktion(r10,t2)..  x(j10,t2) + x(j10,t3) + x(j10,t4) + x(j10,t5) =L= 10 ; (LHS = 0)
     
REMAINING 18 ENTRIES SKIPPED

GAMS 24.1.3  r41464 Released Jul 26, 2013 WEX-WEI x86_64/MS Windows                                                                                                                                                                    03/05/14 15:20:23 Page 6
G e n e r a l   A l g e b r a i c   M o d e l i n g   S y s t e m
Column Listing      SOLVE RCPSP Using MIP From line 104


---- x  nimmt den Wert 1 an wenn der Arbeitsgang j in Periode t beendet wird und 0 sonst

x(Q,t0)
                (.LO, .L, .UP, .M = 0, 0, 1, 0)
        1       JederVorgangEinmal(Q)

x(Q,t1)
                (.LO, .L, .UP, .M = 0, 0, 1, 0)
        1       JederVorgangEinmal(Q)
        1       Projektstruktur(Q,j10)
        1       Projektstruktur(Q,j11)

x(j10,t0)
                (.LO, .L, .UP, .M = 0, 0, 1, 0)
        1       Kapazitaetsrestriktion(r10,t0)

REMAINING 43 ENTRIES SKIPPED

---- z  Zielfunktionswert

z
                (.LO, .L, .UP, .M = -INF, 0, +INF, 0)
        1       Zielfunktion

GAMS 24.1.3  r41464 Released Jul 26, 2013 WEX-WEI x86_64/MS Windows                                                                                                                                                                    03/05/14 15:20:23 Page 7
G e n e r a l   A l g e b r a i c   M o d e l i n g   S y s t e m
Model Statistics    SOLVE RCPSP Using MIP From line 104


MODEL STATISTICS

BLOCKS OF EQUATIONS           4     SINGLE EQUATIONS           31
BLOCKS OF VARIABLES           2     SINGLE VARIABLES           47
NON ZERO ELEMENTS           179     DISCRETE VARIABLES         46


GENERATION TIME      =        0.000 SECONDS      4 MB  24.1.3 r41464 WEX-WEI


EXECUTION TIME       =        0.000 SECONDS      4 MB  24.1.3 r41464 WEX-WEI
GAMS 24.1.3  r41464 Released Jul 26, 2013 WEX-WEI x86_64/MS Windows                                                                                                                                                                    03/05/14 15:20:23 Page 8
G e n e r a l   A l g e b r a i c   M o d e l i n g   S y s t e m
Solution Report     SOLVE RCPSP Using MIP From line 104


               S O L V E      S U M M A R Y

     MODEL   RCPSP               OBJECTIVE  z
     TYPE    MIP                 DIRECTION  MINIMIZE
     SOLVER  CPLEX               FROM LINE  104

**** SOLVER STATUS     1 Normal Completion         
**** MODEL STATUS      1 Optimal                   
**** OBJECTIVE VALUE                8.0000

 RESOURCE USAGE, LIMIT          0.000      1000.000
 ITERATION COUNT, LIMIT         0    2000000000

IBM ILOG CPLEX   24.1.3 r41464 Released Jul 26, 2013 WEI x86_64/MS Windows    
Cplex 12.5.1.0

MIP status(101): integer optimal solution
Cplex Time: 0.00sec (det. 0.11 ticks)
Fixing integer variables, and solving final LP...
Fixed MIP status(1): optimal
Cplex Time: 0.00sec (det. 0.03 ticks)
Proven optimal solution.

MIP Solution:            8.000000    (0 iterations, 0 nodes)
Final Solve:             8.000000    (0 iterations)

Best possible:           8.000000
Absolute gap:            0.000000
Relative gap:            0.000000


                           LOWER          LEVEL          UPPER         MARGINAL

---- EQU Zielfunkt~          .              .              .             1.0000      

---- EQU JederVorgangEinmal  

           LOWER          LEVEL          UPPER         MARGINAL

Q           1.0000         1.0000         1.0000          .          
j10         1.0000         1.0000         1.0000          .          
j11         1.0000         1.0000         1.0000          .          
S           1.0000         1.0000         1.0000          .          

---- EQU Projektstruktur  

               LOWER          LEVEL          UPPER         MARGINAL

Q  .j10        -INF             .              .              .          
Q  .j11        -INF           -4.0000          .              .          
j10.j11        -INF             .              .              .          
j10.S          -INF           -4.0000          .              .          
j11.S          -INF             .              .              .          
GAMS 24.1.3  r41464 Released Jul 26, 2013 WEX-WEI x86_64/MS Windows                                                                                                                                                                    03/05/14 15:20:23 Page 9
G e n e r a l   A l g e b r a i c   M o d e l i n g   S y s t e m
Solution Report     SOLVE RCPSP Using MIP From line 104


---- EQU Kapazitaetsrestriktion  

               LOWER          LEVEL          UPPER         MARGINAL

r10.t0         -INF             .            10.0000          .          
r10.t1         -INF            1.0000        10.0000          .          
r10.t2         -INF            1.0000        10.0000          .          
r10.t3         -INF            1.0000        10.0000          .          
r10.t4         -INF            1.0000        10.0000          .          
r10.t5         -INF             .            10.0000          .          
r10.t6         -INF             .            10.0000          .          
r10.t7         -INF             .            10.0000          .          
r10.t8         -INF             .            10.0000          .          
r10.t9         -INF             .            10.0000          .          
r10.t10        -INF             .            10.0000          .          
r10.t11        -INF             .            10.0000          .          
r10.t12        -INF             .            10.0000          .          
r10.t13        -INF             .            10.0000          .          
r10.t14        -INF             .            10.0000          .          
r10.t15        -INF             .            10.0000          .          
r10.t16        -INF             .            10.0000          .          
r10.t17        -INF             .            10.0000          .          
r10.t18        -INF             .            10.0000          .          
r10.t19        -INF             .            10.0000          .          
r10.t20        -INF             .            10.0000          .          

---- VAR x  nimmt den Wert 1 an wenn der Arbeitsgang j in Periode t beendet wird und 0 sonst

               LOWER          LEVEL          UPPER         MARGINAL

Q  .t0           .             1.0000         1.0000         EPS         
Q  .t1           .              .             1.0000         EPS         
j10.t0           .              .             1.0000         EPS         
j10.t1           .              .             1.0000         EPS         
j10.t2           .              .             1.0000         EPS         
j10.t3           .              .             1.0000         EPS         
j10.t4           .             1.0000         1.0000         EPS         
j10.t5           .              .             1.0000         EPS         
j10.t6           .              .             1.0000         EPS         
j10.t7           .              .             1.0000         EPS         
j10.t8           .              .             1.0000         EPS         
j10.t9           .              .             1.0000         EPS         
j10.t10          .              .             1.0000         EPS         
j10.t11          .              .             1.0000         EPS         
j10.t12          .              .             1.0000         EPS         
j10.t13          .              .             1.0000         EPS         
j10.t14          .              .             1.0000         EPS         
j10.t15          .              .             1.0000         EPS         
j10.t16          .              .             1.0000         EPS         
j10.t17          .              .             1.0000         EPS         
j10.t18          .              .             1.0000         EPS         
j10.t19          .              .             1.0000         EPS         
j10.t20          .              .             1.0000         EPS         
GAMS 24.1.3  r41464 Released Jul 26, 2013 WEX-WEI x86_64/MS Windows                                                                                                                                                                   03/05/14 15:20:23 Page 10
G e n e r a l   A l g e b r a i c   M o d e l i n g   S y s t e m
Solution Report     SOLVE RCPSP Using MIP From line 104


     VAR x  nimmt den Wert 1 an wenn der Arbeitsgang j in Periode t beendet wird und 0 sonst

               LOWER          LEVEL          UPPER         MARGINAL

j11.t8           .             1.0000         1.0000         EPS         
j11.t9           .              .             1.0000         EPS         
S  .t0           .              .             1.0000         EPS         
S  .t1           .              .             1.0000         1.0000      
S  .t2           .              .             1.0000         2.0000      
S  .t3           .              .             1.0000         3.0000      
S  .t4           .              .             1.0000         4.0000      
S  .t5           .              .             1.0000         5.0000      
S  .t6           .              .             1.0000         6.0000      
S  .t7           .              .             1.0000         7.0000      
S  .t8           .             1.0000         1.0000         8.0000      
S  .t9           .              .             1.0000         9.0000      
S  .t10          .              .             1.0000        10.0000      
S  .t11          .              .             1.0000        11.0000      
S  .t12          .              .             1.0000        12.0000      
S  .t13          .              .             1.0000        13.0000      
S  .t14          .              .             1.0000        14.0000      
S  .t15          .              .             1.0000        15.0000      
S  .t16          .              .             1.0000        16.0000      
S  .t17          .              .             1.0000        17.0000      
S  .t18          .              .             1.0000        18.0000      
S  .t19          .              .             1.0000        19.0000      
S  .t20          .              .             1.0000        20.0000      

                           LOWER          LEVEL          UPPER         MARGINAL

---- VAR z                 -INF            8.0000        +INF             .          

  z  Zielfunktionswert


**** REPORT SUMMARY :        0     NONOPT
                             0 INFEASIBLE
                             0  UNBOUNDED
GAMS 24.1.3  r41464 Released Jul 26, 2013 WEX-WEI x86_64/MS Windows                                                                                                                                                                   03/05/14 15:20:23 Page 11
G e n e r a l   A l g e b r a i c   M o d e l i n g   S y s t e m
E x e c u t i o n


----    106 VARIABLE x.L  nimmt den Wert 1 an wenn der Arbeitsgang j in Periode t beendet wird und 0 sonst

             t0          t4          t8

Q         1.000
j10                   1.000
j11                               1.000
S                                 1.000


**** REPORT FILE SUMMARY

Outputfile C:\Sites\RCPSP_App\Outputfile.txt


EXECUTION TIME       =        0.000 SECONDS      3 MB  24.1.3 r41464 WEX-WEI


USER: Kurslizenz                                     S130222/0001AN-GEN
      Leibniz University Hannover, Lehrstuhl fuer ProduktionswirtDC6657
      License for teaching and research at degree granting institutions


**** FILE SUMMARY

Input      C:\Sites\RCPSP_App\RCPSP_Modell.gms
Output     C:\Sites\RCPSP_App\RCPSP_Modell.lst
