GAMS 24.1.3  r41464 Released Jul 26, 2013 WEX-WEI x86_64/MS Windows 03/15/14 23:48:49 Page 1
G e n e r a l   A l g e b r a i c   M o d e l i n g   S y s t e m
C o m p i l a t i o n


   1  set
   2    j Arbeitsgang
   3    t Periode
   4    r Ressource;
   5   
   6  alias(t,q);
   7  alias(h,j);
   8   
   9  set
  10    VN(h,j) Vorgänger-Nachfolger-Relation zwischen h und j;
  11   
  12  parameter
  13    d(j)    Dauer des Arbeitsgangs j
  14    FEZ(j)  fruehestmoeglicher Endtermin des Arbeitsgangs j
  15    k(j,r)  Kapazitaetsbedarf des Arbeitsgangs j bezueglich der Ressource r 
      je Periode
  16    Kap(r)  Periodenkapazitaet der Ressource r
  17    SEZ(j)  spaetestzulaessiger Endtermin des Arbeitsgangs j
  18    SSZ(j);
  19   
  20  binary variables
  21   
  22    x(j,t)  nimmt den Wert 1 an wenn der Arbeitsgang j in Periode t beendet 
      wird und 0 sonst;
  23   
  24  free variables
  25    z       Zielfunktionswert;
  26   
INCLUDE    C:\Sites\RCPSP_App\inputfile.inc
  28  set r /
  29  r27
  30  /;
  31   
  32  set j /
  33  Q
  34  j161
  35  j162
  36  j163
  37  j164
  38  j165
  39  j166
  40  j167
  41  j168
  42  j169
  43  j170
  44  S
  45  /;
  46   
  47  set t /t0*t50/;
  48   
  49  VN(h,j)=no;
  50  VN('Q','j161')=yes;
  51  VN('j161','S')=yes;
  52  VN('Q','j162')=yes;
  53  VN('j162','S')=yes;
  54  VN('Q','j163')=yes;
  55  VN('j163','S')=yes;
  56  VN('Q','j164')=yes;
  57  VN('j164','S')=yes;
  58  VN('Q','j165')=yes;
  59  VN('j165','S')=yes;
  60  VN('Q','j166')=yes;
  61  VN('j166','S')=yes;
  62  VN('Q','j167')=yes;
  63  VN('j167','S')=yes;
  64  VN('Q','j168')=yes;
  65  VN('j168','S')=yes;
  66  VN('Q','j169')=yes;
  67  VN('j169','S')=yes;
  68  VN('Q','j170')=yes;
  69  VN('j170','S')=yes;
  70   
  71  VN('j161','j162')=yes;
  72  VN('j162','j163')=yes;
  73  VN('j162','j164')=yes;
  74  VN('j163','j165')=yes;
  75  VN('j163','j166')=yes;
  76  VN('j164','j168')=yes;
  77  VN('j165','j169')=yes;
  78  VN('j166','j167')=yes;
  79  VN('j167','j168')=yes;
  80  VN('j168','j169')=yes;
  81  VN('j169','j170')=yes;
  82   
  83  parameter
  84  d(j) /
  85  Q   0
  86  S   0
  87  j161   1
  88  j162   2
  89  j163   3
  90  j164   2
  91  j165   3
  92  j166   4
  93  j167   6
  94  j168   8
  95  j169   3
  96  j170   15
  97  /
  98  Kap(r) /
  99  r27   9
 100  /;
 101   
 102  k(j,r)=0;
 103  k('j161','r27')=8;
 104  k('j162','r27')=8;
 105  k('j163','r27')=5;
 106  k('j164','r27')=4;
 107  k('j165','r27')=4;
 108  k('j166','r27')=8;
 109  k('j167','r27')=7;
 110  k('j168','r27')=6;
 111  k('j169','r27')=5;
 112  k('j170','r27')=8;
 113   
 114  *        BERECHNUNGEN    *
 115  FEZ(j)=0;
 116  SEZ(j)=0;
 117  FEZ('Q')=0;
 118   
 119  loop(j$(ord(j)>=2),
 120      FEZ(j)=smax(h$(VN(h,j)),FEZ(h))+d(j);
 121  );
 122   
 123   
 124  SEZ('S')=50;
 125   
 126  alias (h,ri);
 127  set revi(h,ri);
 128  revi(h,h+[card(h)-2*ord(h)+1]) = yes;
 129   
 130  loop (revi(h,ri)$(ord(h)>1),
 131   SEZ(ri)=smin(j$(VN(ri,j)),(SEZ(j)-d(j)));
 132  * SSZ(ri)=SEZ(ri)-d(ri);
 133  );
 134   
 135   
 136  Equations
 137      Zielfunktion
 138      JederVorgangEinmal(j)
 139      Projektstruktur(h,j)
 140      Kapazitaetsrestriktion(r,t);
 141   
 142  Zielfunktion..
 143      z=e=sum(j$(ord(j)=card(J)),sum(t$(FEZ(j)<=ord(t)-1 and ord(t)-1 <= SEZ
      (j)), (ord(t)-1)*x(j,t)));
 144   
 145  JederVorgangEinmal(j)..
 146      sum(t$(FEZ(j)<=ord(t)-1 and ord(t)-1 <= SEZ(j)), x(j,t)) =e= 1;
 147   
 148  Projektstruktur(h,j)$VN(h,j)..
 149      sum(t$(FEZ(h)<=ord(t)-1 and ord(t)-1 <= SEZ(h)), (ord(t)-1)*x(h,t))  =
      l=
 150      sum(t$(FEZ(j)<=ord(t)-1 and ord(t)-1 <= SEZ(j)), (ord(t)-1-d(j))*x(j,t
      ));
 151   
 152  Kapazitaetsrestriktion(r,t)..
 153      sum(j,k(j,r)*sum(q$(ord(q)-1>=ord(t)-1 and ord(q)-1<=ord(t)-1+d(j)-1),
      x(j,q)))=l=Kap(r);
 154   
 155  model RCPSP /
 156      Zielfunktion
 157      JederVorgangEinmal
 158      Projektstruktur
 159      Kapazitaetsrestriktion
 160      /;
 161   
 162  *Liefertermin muss verschoben werden, sonst keine zulaessige Loesung
 163  SEZ(j)=SEZ(j)+1;
 164   
 165  solve RCPSP minimizing z using mip;
 166   
 167  display x.l, FEZ, SEZ;
 168   
 169  loop(t,
 170   x.l('Q',t)=0;
 171   x.l('S',t)=0;
 172  );
 173   
 174  file Outputfile / 'Outputfile.txt'/;
 175  put Outputfile;
 176   
 177  put 'Zielfunktionswert:  ',z.l /
 178   
 179  loop(j,
 180       loop(t,
 181           if(x.l(j,t)=1,
 182               put j.tl:0, ' ; ' ord(t):0 /
 183           );
 184       );
 185  );
 186   
 187  putclose outputfile;
 188   
GAMS 24.1.3  r41464 Released Jul 26, 2013 WEX-WEI x86_64/MS Windows 03/15/14 23:48:49 Page 2
G e n e r a l   A l g e b r a i c   M o d e l i n g   S y s t e m
Include File Summary


   SEQ   GLOBAL TYPE      PARENT   LOCAL  FILENAME

     1        1 INPUT          0       0  C:\Sites\RCPSP_App\RCPSP_Modell.gms
     2       27 INCLUDE        1      27  .C:\Sites\RCPSP_App\inputfile.inc


COMPILATION TIME     =        0.000 SECONDS      3 MB  24.1.3 r41464 WEX-WEI
GAMS 24.1.3  r41464 Released Jul 26, 2013 WEX-WEI x86_64/MS Windows 03/15/14 23:48:49 Page 3
G e n e r a l   A l g e b r a i c   M o d e l i n g   S y s t e m
Equation Listing    SOLVE RCPSP Using MIP From line 165


---- Zielfunktion  =E=  

Zielfunktion..  - 42*x(S,t42) - 43*x(S,t43) - 44*x(S,t44) - 45*x(S,t45)
     
      - 46*x(S,t46) - 47*x(S,t47) - 48*x(S,t48) - 49*x(S,t49) - 50*x(S,t50) + z
      =E= 0 ; (LHS = 0)
     

---- JederVorgangEinmal  =E=  

JederVorgangEinmal(Q)..  x(Q,t0) + x(Q,t1) + x(Q,t2) + x(Q,t3) + x(Q,t4)
     
      + x(Q,t5) + x(Q,t6) + x(Q,t7) + x(Q,t8) + x(Q,t9) =E= 1 ;
     
      (LHS = 0, INFES = 1 ****)
     
JederVorgangEinmal(j161)..  x(j161,t1) + x(j161,t2) + x(j161,t3) + x(j161,t4)
     
      + x(j161,t5) + x(j161,t6) + x(j161,t7) + x(j161,t8) + x(j161,t9)
     
      + x(j161,t10) =E= 1 ; (LHS = 0, INFES = 1 ****)
     
JederVorgangEinmal(j162)..  x(j162,t3) + x(j162,t4) + x(j162,t5) + x(j162,t6)
     
      + x(j162,t7) + x(j162,t8) + x(j162,t9) + x(j162,t10) + x(j162,t11)
     
      + x(j162,t12) =E= 1 ; (LHS = 0, INFES = 1 ****)
     
REMAINING 9 ENTRIES SKIPPED


---- Projektstruktur  =L=  

Projektstruktur(Q,j161)..  x(Q,t1) + 2*x(Q,t2) + 3*x(Q,t3) + 4*x(Q,t4)
     
      + 5*x(Q,t5) + 6*x(Q,t6) + 7*x(Q,t7) + 8*x(Q,t8) + 9*x(Q,t9) - x(j161,t2)
     
      - 2*x(j161,t3) - 3*x(j161,t4) - 4*x(j161,t5) - 5*x(j161,t6) - 6*x(j161,t7)
     
      - 7*x(j161,t8) - 8*x(j161,t9) - 9*x(j161,t10) =L= 0 ; (LHS = 0)
     
Projektstruktur(Q,j162)..  x(Q,t1) + 2*x(Q,t2) + 3*x(Q,t3) + 4*x(Q,t4)
     
      + 5*x(Q,t5) + 6*x(Q,t6) + 7*x(Q,t7) + 8*x(Q,t8) + 9*x(Q,t9) - x(j162,t3)
     
      - 2*x(j162,t4) - 3*x(j162,t5) - 4*x(j162,t6) - 5*x(j162,t7) - 6*x(j162,t8)
     
      - 7*x(j162,t9) - 8*x(j162,t10) - 9*x(j162,t11) - 10*x(j162,t12) =L= 0 ;
     
      (LHS = 0)
     
Projektstruktur(Q,j163)..  x(Q,t1) + 2*x(Q,t2) + 3*x(Q,t3) + 4*x(Q,t4)
     
      + 5*x(Q,t5) + 6*x(Q,t6) + 7*x(Q,t7) + 8*x(Q,t8) + 9*x(Q,t9) - 3*x(j163,t6)
     
      - 4*x(j163,t7) - 5*x(j163,t8) - 6*x(j163,t9) - 7*x(j163,t10)
     
      - 8*x(j163,t11) - 9*x(j163,t12) - 10*x(j163,t13) - 11*x(j163,t14)
     
      - 12*x(j163,t15) =L= 0 ; (LHS = 0)
     
REMAINING 28 ENTRIES SKIPPED


---- Kapazitaetsrestriktion  =L=  

Kapazitaetsrestriktion(r27,t0)..  8*x(j161,t0) + 8*x(j162,t0) + 8*x(j162,t1)
     
      + 5*x(j163,t0) + 5*x(j163,t1) + 5*x(j163,t2) + 4*x(j164,t0) + 4*x(j164,t1)
     
      + 4*x(j165,t0) + 4*x(j165,t1) + 4*x(j165,t2) + 8*x(j166,t0) + 8*x(j166,t1)
     
      + 8*x(j166,t2) + 8*x(j166,t3) + 7*x(j167,t0) + 7*x(j167,t1) + 7*x(j167,t2)
     
      + 7*x(j167,t3) + 7*x(j167,t4) + 7*x(j167,t5) + 6*x(j168,t0) + 6*x(j168,t1)
     
      + 6*x(j168,t2) + 6*x(j168,t3) + 6*x(j168,t4) + 6*x(j168,t5) + 6*x(j168,t6)
     
      + 6*x(j168,t7) + 5*x(j169,t0) + 5*x(j169,t1) + 5*x(j169,t2) + 8*x(j170,t0)
     
      + 8*x(j170,t1) + 8*x(j170,t2) + 8*x(j170,t3) + 8*x(j170,t4) + 8*x(j170,t5)
     
      + 8*x(j170,t6) + 8*x(j170,t7) + 8*x(j170,t8) + 8*x(j170,t9)
     
      + 8*x(j170,t10) + 8*x(j170,t11) + 8*x(j170,t12) + 8*x(j170,t13)
     
      + 8*x(j170,t14) =L= 9 ; (LHS = 0)
     
Kapazitaetsrestriktion(r27,t1)..  8*x(j161,t1) + 8*x(j162,t1) + 8*x(j162,t2)
     
      + 5*x(j163,t1) + 5*x(j163,t2) + 5*x(j163,t3) + 4*x(j164,t1) + 4*x(j164,t2)
     
      + 4*x(j165,t1) + 4*x(j165,t2) + 4*x(j165,t3) + 8*x(j166,t1) + 8*x(j166,t2)
     
      + 8*x(j166,t3) + 8*x(j166,t4) + 7*x(j167,t1) + 7*x(j167,t2) + 7*x(j167,t3)
     
      + 7*x(j167,t4) + 7*x(j167,t5) + 7*x(j167,t6) + 6*x(j168,t1) + 6*x(j168,t2)
     
      + 6*x(j168,t3) + 6*x(j168,t4) + 6*x(j168,t5) + 6*x(j168,t6) + 6*x(j168,t7)
     
      + 6*x(j168,t8) + 5*x(j169,t1) + 5*x(j169,t2) + 5*x(j169,t3) + 8*x(j170,t1)
     
      + 8*x(j170,t2) + 8*x(j170,t3) + 8*x(j170,t4) + 8*x(j170,t5) + 8*x(j170,t6)
     
      + 8*x(j170,t7) + 8*x(j170,t8) + 8*x(j170,t9) + 8*x(j170,t10)
     
      + 8*x(j170,t11) + 8*x(j170,t12) + 8*x(j170,t13) + 8*x(j170,t14)
     
      + 8*x(j170,t15) =L= 9 ; (LHS = 0)
     
Kapazitaetsrestriktion(r27,t2)..  8*x(j161,t2) + 8*x(j162,t2) + 8*x(j162,t3)
     
      + 5*x(j163,t2) + 5*x(j163,t3) + 5*x(j163,t4) + 4*x(j164,t2) + 4*x(j164,t3)
     
      + 4*x(j165,t2) + 4*x(j165,t3) + 4*x(j165,t4) + 8*x(j166,t2) + 8*x(j166,t3)
     
      + 8*x(j166,t4) + 8*x(j166,t5) + 7*x(j167,t2) + 7*x(j167,t3) + 7*x(j167,t4)
     
      + 7*x(j167,t5) + 7*x(j167,t6) + 7*x(j167,t7) + 6*x(j168,t2) + 6*x(j168,t3)
     
      + 6*x(j168,t4) + 6*x(j168,t5) + 6*x(j168,t6) + 6*x(j168,t7) + 6*x(j168,t8)
     
      + 6*x(j168,t9) + 5*x(j169,t2) + 5*x(j169,t3) + 5*x(j169,t4) + 8*x(j170,t2)
     
      + 8*x(j170,t3) + 8*x(j170,t4) + 8*x(j170,t5) + 8*x(j170,t6) + 8*x(j170,t7)
     
      + 8*x(j170,t8) + 8*x(j170,t9) + 8*x(j170,t10) + 8*x(j170,t11)
     
      + 8*x(j170,t12) + 8*x(j170,t13) + 8*x(j170,t14) + 8*x(j170,t15)
     
      + 8*x(j170,t16) =L= 9 ; (LHS = 0)
     
REMAINING 48 ENTRIES SKIPPED

GAMS 24.1.3  r41464 Released Jul 26, 2013 WEX-WEI x86_64/MS Windows 03/15/14 23:48:49 Page 4
G e n e r a l   A l g e b r a i c   M o d e l i n g   S y s t e m
Column Listing      SOLVE RCPSP Using MIP From line 165


---- x  nimmt den Wert 1 an wenn der Arbeitsgang j in Periode t beendet wird und
        0 sonst

x(Q,t0)
                (.LO, .L, .UP, .M = 0, 0, 1, 0)
        1       JederVorgangEinmal(Q)

x(Q,t1)
                (.LO, .L, .UP, .M = 0, 0, 1, 0)
        1       JederVorgangEinmal(Q)
        1       Projektstruktur(Q,j161)
        1       Projektstruktur(Q,j162)
        1       Projektstruktur(Q,j163)
        1       Projektstruktur(Q,j164)
        1       Projektstruktur(Q,j165)
        1       Projektstruktur(Q,j166)
        1       Projektstruktur(Q,j167)
        1       Projektstruktur(Q,j168)
        1       Projektstruktur(Q,j169)
        1       Projektstruktur(Q,j170)

x(Q,t2)
                (.LO, .L, .UP, .M = 0, 0, 1, 0)
        1       JederVorgangEinmal(Q)
        2       Projektstruktur(Q,j161)
        2       Projektstruktur(Q,j162)
        2       Projektstruktur(Q,j163)
        2       Projektstruktur(Q,j164)
        2       Projektstruktur(Q,j165)
        2       Projektstruktur(Q,j166)
        2       Projektstruktur(Q,j167)
        2       Projektstruktur(Q,j168)
        2       Projektstruktur(Q,j169)
        2       Projektstruktur(Q,j170)

REMAINING 526 ENTRIES SKIPPED

---- z  Zielfunktionswert

z
                (.LO, .L, .UP, .M = -INF, 0, +INF, 0)
        1       Zielfunktion

GAMS 24.1.3  r41464 Released Jul 26, 2013 WEX-WEI x86_64/MS Windows 03/15/14 23:48:49 Page 5
G e n e r a l   A l g e b r a i c   M o d e l i n g   S y s t e m
Model Statistics    SOLVE RCPSP Using MIP From line 165


MODEL STATISTICS

BLOCKS OF EQUATIONS           4     SINGLE EQUATIONS           95
BLOCKS OF VARIABLES           2     SINGLE VARIABLES          530
NON ZERO ELEMENTS         3,086     DISCRETE VARIABLES        529


GENERATION TIME      =        0.016 SECONDS      4 MB  24.1.3 r41464 WEX-WEI


EXECUTION TIME       =        0.016 SECONDS      4 MB  24.1.3 r41464 WEX-WEI
GAMS 24.1.3  r41464 Released Jul 26, 2013 WEX-WEI x86_64/MS Windows 03/15/14 23:48:49 Page 6
G e n e r a l   A l g e b r a i c   M o d e l i n g   S y s t e m
Solution Report     SOLVE RCPSP Using MIP From line 165


               S O L V E      S U M M A R Y

     MODEL   RCPSP               OBJECTIVE  z
     TYPE    MIP                 DIRECTION  MINIMIZE
     SOLVER  CPLEX               FROM LINE  165

**** SOLVER STATUS     1 Normal Completion         
**** MODEL STATUS      8 Integer Solution          
**** OBJECTIVE VALUE               48.0000

 RESOURCE USAGE, LIMIT          0.109      1000.000
 ITERATION COUNT, LIMIT        81    2000000000

IBM ILOG CPLEX   24.1.3 r41464 Released Jul 26, 2013 WEI x86_64/MS Windows    
--- GAMS/Cplex licensed for continuous and discrete problems.
Cplex 12.5.1.0

MIP status(102): integer optimal, tolerance
Cplex Time: 0.08sec (det. 7.61 ticks)
Fixing integer variables, and solving final LP...
Fixed MIP status(1): optimal
Cplex Time: 0.00sec (det. 0.31 ticks)
Solution satisfies tolerances.

MIP Solution:           48.000000    (81 iterations, 0 nodes)
Final Solve:            48.000000    (0 iterations)

Best possible:          43.615385
Absolute gap:            4.384615
Relative gap:            0.091346


                       LOWER     LEVEL     UPPER    MARGINAL

---- EQU Zielfunkt~      .         .         .        1.000      

---- EQU JederVorgangEinmal  

        LOWER     LEVEL     UPPER    MARGINAL

Q        1.000     1.000     1.000      .         
j161     1.000     1.000     1.000      .         
j162     1.000     1.000     1.000      .         
j163     1.000     1.000     1.000      .         
j164     1.000     1.000     1.000      .         
j165     1.000     1.000     1.000      .         
j166     1.000     1.000     1.000      .         
j167     1.000     1.000     1.000      .         
j168     1.000     1.000     1.000      .         
j169     1.000     1.000     1.000      .         
j170     1.000     1.000     1.000      .         
S        1.000     1.000     1.000      .         

---- EQU Projektstruktur  

             LOWER     LEVEL     UPPER    MARGINAL

Q   .j161     -INF       .         .         .         
Q   .j162     -INF     -1.000      .         .         
Q   .j163     -INF     -3.000      .         .         
Q   .j164     -INF     -3.000      .         .         
Q   .j165     -INF    -25.000      .         .         
Q   .j166     -INF     -6.000      .         .         
Q   .j167     -INF    -10.000      .         .         
Q   .j168     -INF    -16.000      .         .         
Q   .j169     -INF    -28.000      .         .         
Q   .j170     -INF    -31.000      .         .         
j161.j162     -INF       .         .         .         
j161.S        -INF    -47.000      .         .         
j162.j163     -INF       .         .         .         
j162.j164     -INF       .         .         .         
j162.S        -INF    -45.000      .         .         
j163.j165     -INF    -19.000      .         .         
j163.j166     -INF       .         .         .         
j163.S        -INF    -42.000      .         .         
j164.j168     -INF    -11.000      .         .         
j164.S        -INF    -43.000      .         .         
j165.j169     -INF       .         .         .         
j165.S        -INF    -20.000      .         .         
j166.j167     -INF       .         .         .         
j166.S        -INF    -38.000      .         .         
j167.j168     -INF       .         .         .         
j167.S        -INF    -32.000      .         .         
j168.j169     -INF     -4.000      .         .         
j168.S        -INF    -24.000      .         .         
j169.j170     -INF       .         .         .         
j169.S        -INF    -17.000      .         .         
j170.S        -INF     -2.000      .         .         

---- EQU Kapazitaetsrestriktion  

           LOWER     LEVEL     UPPER    MARGINAL

r27.t0      -INF       .        9.000      .         
r27.t1      -INF      8.000     9.000      .         
r27.t2      -INF      8.000     9.000      .         
r27.t3      -INF      8.000     9.000      .         
r27.t4      -INF      9.000     9.000      .         
r27.t5      -INF      9.000     9.000      .         
r27.t6      -INF      5.000     9.000      .         
r27.t7      -INF      8.000     9.000      .         
r27.t8      -INF      8.000     9.000      .         
r27.t9      -INF      8.000     9.000      .         
r27.t10     -INF      8.000     9.000      .         
r27.t11     -INF      7.000     9.000      .         
r27.t12     -INF      7.000     9.000      .         
r27.t13     -INF      7.000     9.000      .         
r27.t14     -INF      7.000     9.000      .         
r27.t15     -INF      7.000     9.000      .         
r27.t16     -INF      7.000     9.000      .         
r27.t17     -INF      6.000     9.000      .         
r27.t18     -INF      6.000     9.000      .         
r27.t19     -INF      6.000     9.000      .         
r27.t20     -INF      6.000     9.000      .         
r27.t21     -INF      6.000     9.000      .         
r27.t22     -INF      6.000     9.000      .         
r27.t23     -INF      6.000     9.000      .         
r27.t24     -INF      6.000     9.000      .         
r27.t25     -INF       .        9.000      .         
r27.t26     -INF      4.000     9.000      .         
r27.t27     -INF      4.000     9.000      .         
r27.t28     -INF      4.000     9.000      .         
r27.t29     -INF      5.000     9.000      .         
r27.t30     -INF      5.000     9.000      .         
r27.t31     -INF      5.000     9.000      .         
r27.t32     -INF      8.000     9.000      .         
r27.t33     -INF      8.000     9.000      .         
r27.t34     -INF      8.000     9.000      .         
r27.t35     -INF      8.000     9.000      .         
r27.t36     -INF      8.000     9.000      .         
r27.t37     -INF      8.000     9.000      .         
r27.t38     -INF      8.000     9.000      .         
r27.t39     -INF      8.000     9.000      .         
r27.t40     -INF      8.000     9.000      .         
r27.t41     -INF      8.000     9.000      .         
r27.t42     -INF      8.000     9.000      .         
r27.t43     -INF      8.000     9.000      .         
r27.t44     -INF      8.000     9.000      .         
r27.t45     -INF      8.000     9.000      .         
r27.t46     -INF      8.000     9.000      .         
r27.t47     -INF       .        9.000      .         
r27.t48     -INF       .        9.000      .         
r27.t49     -INF       .        9.000      .         
r27.t50     -INF       .        9.000      .         

---- VAR x  nimmt den Wert 1 an wenn der Arbeitsgang j in Periode t beendet wird
            und 0 sonst

            LOWER     LEVEL     UPPER    MARGINAL

Q   .t0       .        1.000     1.000      EPS       
Q   .t1       .         .        1.000      EPS       
Q   .t2       .         .        1.000      EPS       
Q   .t3       .         .        1.000      EPS       
Q   .t4       .         .        1.000      EPS       
Q   .t5       .         .        1.000      EPS       
Q   .t6       .         .        1.000      EPS       
Q   .t7       .         .        1.000      EPS       
Q   .t8       .         .        1.000      EPS       
Q   .t9       .         .        1.000      EPS       
j161.t0       .         .        1.000      EPS       
j161.t1       .        1.000     1.000      EPS       
j161.t2       .         .        1.000      EPS       
j161.t3       .         .        1.000      EPS       
j161.t4       .         .        1.000      EPS       
j161.t5       .         .        1.000      EPS       
j161.t6       .         .        1.000      EPS       
j161.t7       .         .        1.000      EPS       
j161.t8       .         .        1.000      EPS       
j161.t9       .         .        1.000      EPS       
j161.t10      .         .        1.000      EPS       
j161.t11      .         .        1.000      EPS       
j161.t12      .         .        1.000      EPS       
j161.t13      .         .        1.000      EPS       
j161.t14      .         .        1.000      EPS       
j161.t15      .         .        1.000      EPS       
j161.t16      .         .        1.000      EPS       
j161.t17      .         .        1.000      EPS       
j161.t18      .         .        1.000      EPS       
j161.t19      .         .        1.000      EPS       
j161.t20      .         .        1.000      EPS       
j161.t21      .         .        1.000      EPS       
j161.t22      .         .        1.000      EPS       
j161.t23      .         .        1.000      EPS       
j161.t24      .         .        1.000      EPS       
j161.t25      .         .        1.000      EPS       
j161.t26      .         .        1.000      EPS       
j161.t27      .         .        1.000      EPS       
j161.t28      .         .        1.000      EPS       
j161.t29      .         .        1.000      EPS       
j161.t30      .         .        1.000      EPS       
j161.t31      .         .        1.000      EPS       
j161.t32      .         .        1.000      EPS       
j161.t33      .         .        1.000      EPS       
j161.t34      .         .        1.000      EPS       
j161.t35      .         .        1.000      EPS       
j161.t36      .         .        1.000      EPS       
j161.t37      .         .        1.000      EPS       
j161.t38      .         .        1.000      EPS       
j161.t39      .         .        1.000      EPS       
j161.t40      .         .        1.000      EPS       
j161.t41      .         .        1.000      EPS       
j161.t42      .         .        1.000      EPS       
j161.t43      .         .        1.000      EPS       
j161.t44      .         .        1.000      EPS       
j161.t45      .         .        1.000      EPS       
j161.t46      .         .        1.000      EPS       
j161.t47      .         .        1.000      EPS       
j161.t48      .         .        1.000      EPS       
j161.t49      .         .        1.000      EPS       
j161.t50      .         .        1.000      EPS       
j162.t0       .         .        1.000      EPS       
j162.t1       .         .        1.000      EPS       
j162.t2       .         .        1.000      EPS       
j162.t3       .        1.000     1.000      EPS       
j162.t4       .         .        1.000      EPS       
j162.t5       .         .        1.000      EPS       
j162.t6       .         .        1.000      EPS       
j162.t7       .         .        1.000      EPS       
j162.t8       .         .        1.000      EPS       
j162.t9       .         .        1.000      EPS       
j162.t10      .         .        1.000      EPS       
j162.t11      .         .        1.000      EPS       
j162.t12      .         .        1.000      EPS       
j162.t13      .         .        1.000      EPS       
j162.t14      .         .        1.000      EPS       
j162.t15      .         .        1.000      EPS       
j162.t16      .         .        1.000      EPS       
j162.t17      .         .        1.000      EPS       
j162.t18      .         .        1.000      EPS       
j162.t19      .         .        1.000      EPS       
j162.t20      .         .        1.000      EPS       
j162.t21      .         .        1.000      EPS       
j162.t22      .         .        1.000      EPS       
j162.t23      .         .        1.000      EPS       
j162.t24      .         .        1.000      EPS       
j162.t25      .         .        1.000      EPS       
j162.t26      .         .        1.000      EPS       
j162.t27      .         .        1.000      EPS       
j162.t28      .         .        1.000      EPS       
j162.t29      .         .        1.000      EPS       
j162.t30      .         .        1.000      EPS       
j162.t31      .         .        1.000      EPS       
j162.t32      .         .        1.000      EPS       
j162.t33      .         .        1.000      EPS       
j162.t34      .         .        1.000      EPS       
j162.t35      .         .        1.000      EPS       
j162.t36      .         .        1.000      EPS       
j162.t37      .         .        1.000      EPS       
j162.t38      .         .        1.000      EPS       
j162.t39      .         .        1.000      EPS       
j162.t40      .         .        1.000      EPS       
j162.t41      .         .        1.000      EPS       
j162.t42      .         .        1.000      EPS       
j162.t43      .         .        1.000      EPS       
j162.t44      .         .        1.000      EPS       
j162.t45      .         .        1.000      EPS       
j162.t46      .         .        1.000      EPS       
j162.t47      .         .        1.000      EPS       
j162.t48      .         .        1.000      EPS       
j162.t49      .         .        1.000      EPS       
j162.t50      .         .        1.000      EPS       
j163.t0       .         .        1.000      EPS       
j163.t1       .         .        1.000      EPS       
j163.t2       .         .        1.000      EPS       
j163.t3       .         .        1.000      EPS       
j163.t4       .         .        1.000      EPS       
j163.t5       .         .        1.000      EPS       
j163.t6       .        1.000     1.000      EPS       
j163.t7       .         .        1.000      EPS       
j163.t8       .         .        1.000      EPS       
j163.t9       .         .        1.000      EPS       
j163.t10      .         .        1.000      EPS       
j163.t11      .         .        1.000      EPS       
j163.t12      .         .        1.000      EPS       
j163.t13      .         .        1.000      EPS       
j163.t14      .         .        1.000      EPS       
j163.t15      .         .        1.000      EPS       
j163.t16      .         .        1.000      EPS       
j163.t17      .         .        1.000      EPS       
j163.t18      .         .        1.000      EPS       
j163.t19      .         .        1.000      EPS       
j163.t20      .         .        1.000      EPS       
j163.t21      .         .        1.000      EPS       
j163.t22      .         .        1.000      EPS       
j163.t23      .         .        1.000      EPS       
j163.t24      .         .        1.000      EPS       
j163.t25      .         .        1.000      EPS       
j163.t26      .         .        1.000      EPS       
j163.t27      .         .        1.000      EPS       
j163.t28      .         .        1.000      EPS       
j163.t29      .         .        1.000      EPS       
j163.t30      .         .        1.000      EPS       
j163.t31      .         .        1.000      EPS       
j163.t32      .         .        1.000      EPS       
j163.t33      .         .        1.000      EPS       
j163.t34      .         .        1.000      EPS       
j163.t35      .         .        1.000      EPS       
j163.t36      .         .        1.000      EPS       
j163.t37      .         .        1.000      EPS       
j163.t38      .         .        1.000      EPS       
j163.t39      .         .        1.000      EPS       
j163.t40      .         .        1.000      EPS       
j163.t41      .         .        1.000      EPS       
j163.t42      .         .        1.000      EPS       
j163.t43      .         .        1.000      EPS       
j163.t44      .         .        1.000      EPS       
j163.t45      .         .        1.000      EPS       
j163.t46      .         .        1.000      EPS       
j163.t47      .         .        1.000      EPS       
j163.t48      .         .        1.000      EPS       
j163.t49      .         .        1.000      EPS       
j163.t50      .         .        1.000      EPS       
j164.t0       .         .        1.000      EPS       
j164.t1       .         .        1.000      EPS       
j164.t2       .         .        1.000      EPS       
j164.t3       .         .        1.000      EPS       
j164.t4       .         .        1.000      EPS       
j164.t5       .        1.000     1.000      EPS       
j164.t6       .         .        1.000      EPS       
j164.t7       .         .        1.000      EPS       
j164.t8       .         .        1.000      EPS       
j164.t9       .         .        1.000      EPS       
j164.t10      .         .        1.000      EPS       
j164.t11      .         .        1.000      EPS       
j164.t12      .         .        1.000      EPS       
j164.t13      .         .        1.000      EPS       
j164.t14      .         .        1.000      EPS       
j164.t15      .         .        1.000      EPS       
j164.t16      .         .        1.000      EPS       
j164.t17      .         .        1.000      EPS       
j164.t18      .         .        1.000      EPS       
j164.t19      .         .        1.000      EPS       
j164.t20      .         .        1.000      EPS       
j164.t21      .         .        1.000      EPS       
j164.t22      .         .        1.000      EPS       
j164.t23      .         .        1.000      EPS       
j164.t24      .         .        1.000      EPS       
j164.t25      .         .        1.000      EPS       
j164.t26      .         .        1.000      EPS       
j164.t27      .         .        1.000      EPS       
j164.t28      .         .        1.000      EPS       
j164.t29      .         .        1.000      EPS       
j164.t30      .         .        1.000      EPS       
j164.t31      .         .        1.000      EPS       
j164.t32      .         .        1.000      EPS       
j164.t33      .         .        1.000      EPS       
j164.t34      .         .        1.000      EPS       
j164.t35      .         .        1.000      EPS       
j164.t36      .         .        1.000      EPS       
j164.t37      .         .        1.000      EPS       
j164.t38      .         .        1.000      EPS       
j164.t39      .         .        1.000      EPS       
j164.t40      .         .        1.000      EPS       
j164.t41      .         .        1.000      EPS       
j164.t42      .         .        1.000      EPS       
j164.t43      .         .        1.000      EPS       
j164.t44      .         .        1.000      EPS       
j164.t45      .         .        1.000      EPS       
j164.t46      .         .        1.000      EPS       
j164.t47      .         .        1.000      EPS       
j164.t48      .         .        1.000      EPS       
j164.t49      .         .        1.000      EPS       
j164.t50      .         .        1.000      EPS       
j165.t0       .         .        1.000      EPS       
j165.t1       .         .        1.000      EPS       
j165.t2       .         .        1.000      EPS       
j165.t3       .         .        1.000      EPS       
j165.t4       .         .        1.000      EPS       
j165.t5       .         .        1.000      EPS       
j165.t6       .         .        1.000      EPS       
j165.t7       .         .        1.000      EPS       
j165.t8       .         .        1.000      EPS       
j165.t9       .         .        1.000      EPS       
j165.t10      .         .        1.000      EPS       
j165.t11      .         .        1.000      EPS       
j165.t12      .         .        1.000      EPS       
j165.t13      .         .        1.000      EPS       
j165.t14      .         .        1.000      EPS       
j165.t15      .         .        1.000      EPS       
j165.t16      .         .        1.000      EPS       
j165.t17      .         .        1.000      EPS       
j165.t18      .         .        1.000      EPS       
j165.t19      .         .        1.000      EPS       
j165.t20      .         .        1.000      EPS       
j165.t21      .         .        1.000      EPS       
j165.t22      .         .        1.000      EPS       
j165.t23      .         .        1.000      EPS       
j165.t24      .         .        1.000      EPS       
j165.t25      .         .        1.000      EPS       
j165.t26      .         .        1.000      EPS       
j165.t27      .         .        1.000      EPS       
j165.t28      .        1.000     1.000      EPS       
j165.t29      .         .        1.000      EPS       
j165.t30      .         .        1.000      EPS       
j165.t31      .         .        1.000      EPS       
j165.t32      .         .        1.000      EPS       
j165.t33      .         .        1.000      EPS       
j165.t34      .         .        1.000      EPS       
j165.t35      .         .        1.000      EPS       
j165.t36      .         .        1.000      EPS       
j165.t37      .         .        1.000      EPS       
j165.t38      .         .        1.000      EPS       
j165.t39      .         .        1.000      EPS       
j165.t40      .         .        1.000      EPS       
j165.t41      .         .        1.000      EPS       
j165.t42      .         .        1.000      EPS       
j165.t43      .         .        1.000      EPS       
j165.t44      .         .        1.000      EPS       
j165.t45      .         .        1.000      EPS       
j165.t46      .         .        1.000      EPS       
j165.t47      .         .        1.000      EPS       
j165.t48      .         .        1.000      EPS       
j165.t49      .         .        1.000      EPS       
j165.t50      .         .        1.000      EPS       
j166.t0       .         .        1.000      EPS       
j166.t1       .         .        1.000      EPS       
j166.t2       .         .        1.000      EPS       
j166.t3       .         .        1.000      EPS       
j166.t4       .         .        1.000      EPS       
j166.t5       .         .        1.000      EPS       
j166.t6       .         .        1.000      EPS       
j166.t7       .         .        1.000      EPS       
j166.t8       .         .        1.000      EPS       
j166.t9       .         .        1.000      EPS       
j166.t10      .        1.000     1.000      EPS       
j166.t11      .         .        1.000      EPS       
j166.t12      .         .        1.000      EPS       
j166.t13      .         .        1.000      EPS       
j166.t14      .         .        1.000      EPS       
j166.t15      .         .        1.000      EPS       
j166.t16      .         .        1.000      EPS       
j166.t17      .         .        1.000      EPS       
j166.t18      .         .        1.000      EPS       
j166.t19      .         .        1.000      EPS       
j166.t20      .         .        1.000      EPS       
j166.t21      .         .        1.000      EPS       
j166.t22      .         .        1.000      EPS       
j166.t23      .         .        1.000      EPS       
j166.t24      .         .        1.000      EPS       
j166.t25      .         .        1.000      EPS       
j166.t26      .         .        1.000      EPS       
j166.t27      .         .        1.000      EPS       
j166.t28      .         .        1.000      EPS       
j166.t29      .         .        1.000      EPS       
j166.t30      .         .        1.000      EPS       
j166.t31      .         .        1.000      EPS       
j166.t32      .         .        1.000      EPS       
j166.t33      .         .        1.000      EPS       
j166.t34      .         .        1.000      EPS       
j166.t35      .         .        1.000      EPS       
j166.t36      .         .        1.000      EPS       
j166.t37      .         .        1.000      EPS       
j166.t38      .         .        1.000      EPS       
j166.t39      .         .        1.000      EPS       
j166.t40      .         .        1.000      EPS       
j166.t41      .         .        1.000      EPS       
j166.t42      .         .        1.000      EPS       
j166.t43      .         .        1.000      EPS       
j166.t44      .         .        1.000      EPS       
j166.t45      .         .        1.000      EPS       
j166.t46      .         .        1.000      EPS       
j166.t47      .         .        1.000      EPS       
j166.t48      .         .        1.000      EPS       
j166.t49      .         .        1.000      EPS       
j166.t50      .         .        1.000      EPS       
j167.t0       .         .        1.000      EPS       
j167.t1       .         .        1.000      EPS       
j167.t2       .         .        1.000      EPS       
j167.t3       .         .        1.000      EPS       
j167.t4       .         .        1.000      EPS       
j167.t5       .         .        1.000      EPS       
j167.t6       .         .        1.000      EPS       
j167.t7       .         .        1.000      EPS       
j167.t8       .         .        1.000      EPS       
j167.t9       .         .        1.000      EPS       
j167.t10      .         .        1.000      EPS       
j167.t11      .         .        1.000      EPS       
j167.t12      .         .        1.000      EPS       
j167.t13      .         .        1.000      EPS       
j167.t14      .         .        1.000      EPS       
j167.t15      .         .        1.000      EPS       
j167.t16      .        1.000     1.000      EPS       
j167.t17      .         .        1.000      EPS       
j167.t18      .         .        1.000      EPS       
j167.t19      .         .        1.000      EPS       
j167.t20      .         .        1.000      EPS       
j167.t21      .         .        1.000      EPS       
j167.t22      .         .        1.000      EPS       
j167.t23      .         .        1.000      EPS       
j167.t24      .         .        1.000      EPS       
j167.t25      .         .        1.000      EPS       
j167.t26      .         .        1.000      EPS       
j167.t27      .         .        1.000      EPS       
j167.t28      .         .        1.000      EPS       
j167.t29      .         .        1.000      EPS       
j167.t30      .         .        1.000      EPS       
j167.t31      .         .        1.000      EPS       
j167.t32      .         .        1.000      EPS       
j167.t33      .         .        1.000      EPS       
j167.t34      .         .        1.000      EPS       
j167.t35      .         .        1.000      EPS       
j167.t36      .         .        1.000      EPS       
j167.t37      .         .        1.000      EPS       
j167.t38      .         .        1.000      EPS       
j167.t39      .         .        1.000      EPS       
j167.t40      .         .        1.000      EPS       
j167.t41      .         .        1.000      EPS       
j167.t42      .         .        1.000      EPS       
j167.t43      .         .        1.000      EPS       
j167.t44      .         .        1.000      EPS       
j167.t45      .         .        1.000      EPS       
j167.t46      .         .        1.000      EPS       
j167.t47      .         .        1.000      EPS       
j167.t48      .         .        1.000      EPS       
j167.t49      .         .        1.000      EPS       
j167.t50      .         .        1.000      EPS       
j168.t0       .         .        1.000      EPS       
j168.t1       .         .        1.000      EPS       
j168.t2       .         .        1.000      EPS       
j168.t3       .         .        1.000      EPS       
j168.t4       .         .        1.000      EPS       
j168.t5       .         .        1.000      EPS       
j168.t6       .         .        1.000      EPS       
j168.t7       .         .        1.000      EPS       
j168.t8       .         .        1.000      EPS       
j168.t9       .         .        1.000      EPS       
j168.t10      .         .        1.000      EPS       
j168.t11      .         .        1.000      EPS       
j168.t12      .         .        1.000      EPS       
j168.t13      .         .        1.000      EPS       
j168.t14      .         .        1.000      EPS       
j168.t15      .         .        1.000      EPS       
j168.t16      .         .        1.000      EPS       
j168.t17      .         .        1.000      EPS       
j168.t18      .         .        1.000      EPS       
j168.t19      .         .        1.000      EPS       
j168.t20      .         .        1.000      EPS       
j168.t21      .         .        1.000      EPS       
j168.t22      .         .        1.000      EPS       
j168.t23      .         .        1.000      EPS       
j168.t24      .        1.000     1.000      EPS       
j168.t25      .         .        1.000      EPS       
j168.t26      .         .        1.000      EPS       
j168.t27      .         .        1.000      EPS       
j168.t28      .         .        1.000      EPS       
j168.t29      .         .        1.000      EPS       
j168.t30      .         .        1.000      EPS       
j168.t31      .         .        1.000      EPS       
j168.t32      .         .        1.000      EPS       
j168.t33      .         .        1.000      EPS       
j168.t34      .         .        1.000      EPS       
j168.t35      .         .        1.000      EPS       
j168.t36      .         .        1.000      EPS       
j168.t37      .         .        1.000      EPS       
j168.t38      .         .        1.000      EPS       
j168.t39      .         .        1.000      EPS       
j168.t40      .         .        1.000      EPS       
j168.t41      .         .        1.000      EPS       
j168.t42      .         .        1.000      EPS       
j168.t43      .         .        1.000      EPS       
j168.t44      .         .        1.000      EPS       
j168.t45      .         .        1.000      EPS       
j168.t46      .         .        1.000      EPS       
j168.t47      .         .        1.000      EPS       
j168.t48      .         .        1.000      EPS       
j168.t49      .         .        1.000      EPS       
j168.t50      .         .        1.000      EPS       
j169.t0       .         .        1.000      EPS       
j169.t1       .         .        1.000      EPS       
j169.t2       .         .        1.000      EPS       
j169.t3       .         .        1.000      EPS       
j169.t4       .         .        1.000      EPS       
j169.t5       .         .        1.000      EPS       
j169.t6       .         .        1.000      EPS       
j169.t7       .         .        1.000      EPS       
j169.t8       .         .        1.000      EPS       
j169.t9       .         .        1.000      EPS       
j169.t10      .         .        1.000      EPS       
j169.t11      .         .        1.000      EPS       
j169.t12      .         .        1.000      EPS       
j169.t13      .         .        1.000      EPS       
j169.t14      .         .        1.000      EPS       
j169.t15      .         .        1.000      EPS       
j169.t16      .         .        1.000      EPS       
j169.t17      .         .        1.000      EPS       
j169.t18      .         .        1.000      EPS       
j169.t19      .         .        1.000      EPS       
j169.t20      .         .        1.000      EPS       
j169.t21      .         .        1.000      EPS       
j169.t22      .         .        1.000      EPS       
j169.t23      .         .        1.000      EPS       
j169.t24      .         .        1.000      EPS       
j169.t25      .         .        1.000      EPS       
j169.t26      .         .        1.000      EPS       
j169.t27      .         .        1.000      EPS       
j169.t28      .         .        1.000      EPS       
j169.t29      .         .        1.000      EPS       
j169.t30      .         .        1.000      EPS       
j169.t31      .        1.000     1.000      EPS       
j169.t32      .         .        1.000      EPS       
j169.t33      .         .        1.000      EPS       
j169.t34      .         .        1.000      EPS       
j169.t35      .         .        1.000      EPS       
j169.t36      .         .        1.000      EPS       
j169.t37      .         .        1.000      EPS       
j169.t38      .         .        1.000      EPS       
j169.t39      .         .        1.000      EPS       
j169.t40      .         .        1.000      EPS       
j169.t41      .         .        1.000      EPS       
j169.t42      .         .        1.000      EPS       
j169.t43      .         .        1.000      EPS       
j169.t44      .         .        1.000      EPS       
j169.t45      .         .        1.000      EPS       
j169.t46      .         .        1.000      EPS       
j169.t47      .         .        1.000      EPS       
j169.t48      .         .        1.000      EPS       
j169.t49      .         .        1.000      EPS       
j169.t50      .         .        1.000      EPS       
j170.t0       .         .        1.000      EPS       
j170.t1       .         .        1.000      EPS       
j170.t2       .         .        1.000      EPS       
j170.t3       .         .        1.000      EPS       
j170.t4       .         .        1.000      EPS       
j170.t5       .         .        1.000      EPS       
j170.t6       .         .        1.000      EPS       
j170.t7       .         .        1.000      EPS       
j170.t8       .         .        1.000      EPS       
j170.t9       .         .        1.000      EPS       
j170.t10      .         .        1.000      EPS       
j170.t11      .         .        1.000      EPS       
j170.t12      .         .        1.000      EPS       
j170.t13      .         .        1.000      EPS       
j170.t14      .         .        1.000      EPS       
j170.t15      .         .        1.000      EPS       
j170.t16      .         .        1.000      EPS       
j170.t17      .         .        1.000      EPS       
j170.t18      .         .        1.000      EPS       
j170.t19      .         .        1.000      EPS       
j170.t20      .         .        1.000      EPS       
j170.t21      .         .        1.000      EPS       
j170.t22      .         .        1.000      EPS       
j170.t23      .         .        1.000      EPS       
j170.t24      .         .        1.000      EPS       
j170.t25      .         .        1.000      EPS       
j170.t26      .         .        1.000      EPS       
j170.t27      .         .        1.000      EPS       
j170.t28      .         .        1.000      EPS       
j170.t29      .         .        1.000      EPS       
j170.t30      .         .        1.000      EPS       
j170.t31      .         .        1.000      EPS       
j170.t32      .         .        1.000      EPS       
j170.t33      .         .        1.000      EPS       
j170.t34      .         .        1.000      EPS       
j170.t35      .         .        1.000      EPS       
j170.t36      .         .        1.000      EPS       
j170.t37      .         .        1.000      EPS       
j170.t38      .         .        1.000      EPS       
j170.t39      .         .        1.000      EPS       
j170.t40      .         .        1.000      EPS       
j170.t41      .         .        1.000      EPS       
j170.t42      .         .        1.000      EPS       
j170.t43      .         .        1.000      EPS       
j170.t44      .         .        1.000      EPS       
j170.t45      .         .        1.000      EPS       
j170.t46      .        1.000     1.000      EPS       
j170.t47      .         .        1.000      EPS       
j170.t48      .         .        1.000      EPS       
j170.t49      .         .        1.000      EPS       
j170.t50      .         .        1.000      EPS       
S   .t42      .         .        1.000    42.000      
S   .t43      .         .        1.000    43.000      
S   .t44      .         .        1.000    44.000      
S   .t45      .         .        1.000    45.000      
S   .t46      .         .        1.000    46.000      
S   .t47      .         .        1.000    47.000      
S   .t48      .        1.000     1.000    48.000      
S   .t49      .         .        1.000    49.000      
S   .t50      .         .        1.000    50.000      

                       LOWER     LEVEL     UPPER    MARGINAL

---- VAR z              -INF     48.000     +INF       .         

  z  Zielfunktionswert


**** REPORT SUMMARY :        0     NONOPT
                             0 INFEASIBLE
                             0  UNBOUNDED
GAMS 24.1.3  r41464 Released Jul 26, 2013 WEX-WEI x86_64/MS Windows 03/15/14 23:48:49 Page 7
G e n e r a l   A l g e b r a i c   M o d e l i n g   S y s t e m
E x e c u t i o n


----    167 VARIABLE x.L  nimmt den Wert 1 an wenn der Arbeitsgang j in Periode 
                          t beendet wird und 0 sonst

              t0          t1          t3          t5          t6         t10

Q          1.000
j161                   1.000
j162                               1.000
j163                                                       1.000
j164                                           1.000
j166                                                                   1.000

   +         t16         t24         t28         t31         t46         t48

j165                               1.000
j167       1.000
j168                   1.000
j169                                           1.000
j170                                                       1.000
S                                                                      1.000


----    167 PARAMETER FEZ  fruehestmoeglicher Endtermin des Arbeitsgangs j

j161  1.000,    j162  3.000,    j163  6.000,    j164  5.000,    j165  9.000
j166 10.000,    j167 16.000,    j168 24.000,    j169 27.000,    j170 42.000
S    42.000


----    167 PARAMETER SEZ  spaetestzulaessiger Endtermin des Arbeitsgangs j

Q     9.000,    j161 10.000,    j162 12.000,    j163 15.000,    j164 25.000
j165 33.000,    j166 19.000,    j167 25.000,    j168 33.000,    j169 36.000
j170 51.000,    S    51.000


**** REPORT FILE SUMMARY

Outputfile C:\Sites\RCPSP_App\Outputfile.txt


EXECUTION TIME       =        0.000 SECONDS      3 MB  24.1.3 r41464 WEX-WEI


USER: Kurslizenz                                     S130222/0001AN-GEN
      Leibniz University Hannover, Lehrstuhl fuer ProduktionswirtDC6657
      License for teaching and research at degree granting institutions


**** FILE SUMMARY

Input      C:\Sites\RCPSP_App\RCPSP_Modell.gms
Output     C:\Sites\RCPSP_App\RCPSP_Modell.lst
